0 verbose cli C:\Program Files\nodejs\node.exe C:\Program Files\nodejs\node_modules\npm\bin\npm-cli.js
1 info using npm@11.11.0
2 info using node@v24.14.1
3 silly config load:file:C:\Program Files\nodejs\node_modules\npm\npmrc
4 silly config load:file:D:\deployment_2026\bible_diaries\mobile\.npmrc
5 silly config load:file:C:\Users\twx1507577\.npmrc
6 silly config load:file:C:\Users\twx1507577\AppData\Roaming\npm\etc\npmrc
7 verbose title npm install @supabase/supabase-js @react-native-async-storage/async-storage lucide-react-native
8 verbose argv "install" "@supabase/supabase-js" "@react-native-async-storage/async-storage" "lucide-react-native" "--cache" "./.npm-cache"
9 verbose logfile logs-max:10 dir:D:\deployment_2026\bible_diaries\mobile\.npm-cache\_logs\2026-07-14T14_47_29_596Z-
10 verbose logfile D:\deployment_2026\bible_diaries\mobile\.npm-cache\_logs\2026-07-14T14_47_29_596Z-debug-0.log
11 silly logfile done cleaning log files
12 silly packumentCache heap:4496293888 maxSize:1124073472 maxEntrySize:562036736
13 silly idealTree buildDeps
14 silly fetch manifest @supabase/supabase-js@*
15 silly packumentCache full:https://registry.npmjs.org/@supabase%2fsupabase-js cache-miss
16 http fetch GET 200 https://registry.npmjs.org/npm 293ms
17 http fetch GET 200 https://registry.npmjs.org/@supabase%2fsupabase-js 199ms (cache miss)
18 silly packumentCache full:https://registry.npmjs.org/@supabase%2fsupabase-js set size:undefined disposed:false
19 silly fetch manifest @react-native-async-storage/async-storage@*
20 silly packumentCache full:https://registry.npmjs.org/@react-native-async-storage%2fasync-storage cache-miss
21 http fetch GET 200 https://registry.npmjs.org/@react-native-async-storage%2fasync-storage 237ms (cache miss)
22 silly packumentCache full:https://registry.npmjs.org/@react-native-async-storage%2fasync-storage set size:undefined disposed:false
23 silly fetch manifest react@19.2.3
24 silly packumentCache full:https://registry.npmjs.org/react cache-miss
25 http fetch GET 200 https://registry.npmjs.org/react 170ms (cache miss)
26 silly packumentCache full:https://registry.npmjs.org/react set size:undefined disposed:false
27 silly fetch manifest react-native@0.86.0
28 silly packumentCache full:https://registry.npmjs.org/react-native cache-miss
29 http fetch GET 200 https://registry.npmjs.org/react-native 236ms (cache miss)
30 silly packumentCache full:https://registry.npmjs.org/react-native set size:undefined disposed:false
31 silly fetch manifest @react-native/jest-preset@0.86.0
32 silly packumentCache full:https://registry.npmjs.org/@react-native%2fjest-preset cache-miss
33 http fetch GET 200 https://registry.npmjs.org/@react-native%2fjest-preset 371ms (cache miss)
34 silly packumentCache full:https://registry.npmjs.org/@react-native%2fjest-preset set size:undefined disposed:false
35 silly fetch manifest @types/react@~19.2.2
36 silly packumentCache full:https://registry.npmjs.org/@types%2freact cache-miss
37 http fetch GET 200 https://registry.npmjs.org/@types%2freact 124ms (cache miss)
38 silly packumentCache full:https://registry.npmjs.org/@types%2freact set size:undefined disposed:false
39 silly fetch manifest lucide-react-native@*
40 silly packumentCache full:https://registry.npmjs.org/lucide-react-native cache-miss
41 http fetch GET 200 https://registry.npmjs.org/lucide-react-native 107ms (cache miss)
42 silly packumentCache full:https://registry.npmjs.org/lucide-react-native set size:undefined disposed:false
43 silly fetch manifest react-native-svg@^12.0.0 || ^13.0.0 || ^14.0.0 || ^15.0.0
44 silly packumentCache full:https://registry.npmjs.org/react-native-svg cache-miss
45 http fetch GET 200 https://registry.npmjs.org/react-native-svg 47ms (cache miss)
46 silly packumentCache full:https://registry.npmjs.org/react-native-svg set size:undefined disposed:false
47 silly placeDep ROOT @react-native-async-storage/async-storage@3.1.1 OK for: mobile@1.0.0 want: *
48 silly placeDep ROOT @supabase/supabase-js@2.110.5 OK for: mobile@1.0.0 want: *
49 silly placeDep ROOT lucide-react-native@1.24.0 OK for: mobile@1.0.0 want: *
50 silly placeDep ROOT react-native-svg@15.15.5 OK for: lucide-react-native@1.24.0 want: ^12.0.0 || ^13.0.0 || ^14.0.0 || ^15.0.0
51 silly fetch manifest idb@8.0.3
52 silly packumentCache full:https://registry.npmjs.org/idb cache-miss
53 silly fetch manifest @supabase/auth-js@2.110.5
54 silly packumentCache full:https://registry.npmjs.org/@supabase%2fauth-js cache-miss
55 silly fetch manifest @supabase/realtime-js@2.110.5
56 silly packumentCache full:https://registry.npmjs.org/@supabase%2frealtime-js cache-miss
57 silly fetch manifest @supabase/functions-js@2.110.5
58 silly packumentCache full:https://registry.npmjs.org/@supabase%2ffunctions-js cache-miss
59 silly fetch manifest @supabase/storage-js@2.110.5
60 silly packumentCache full:https://registry.npmjs.org/@supabase%2fstorage-js cache-miss
61 silly fetch manifest @supabase/postgrest-js@2.110.5
62 silly packumentCache full:https://registry.npmjs.org/@supabase%2fpostgrest-js cache-miss
63 silly fetch manifest css-tree@^1.1.3
64 silly packumentCache full:https://registry.npmjs.org/css-tree cache-miss
65 silly fetch manifest css-select@^5.1.0
66 silly packumentCache full:https://registry.npmjs.org/css-select cache-miss
67 http fetch GET 200 https://registry.npmjs.org/css-tree 119ms (cache miss)
68 silly packumentCache full:https://registry.npmjs.org/css-tree set size:undefined disposed:false
69 http fetch GET 200 https://registry.npmjs.org/@supabase%2fauth-js 128ms (cache miss)
70 silly packumentCache full:https://registry.npmjs.org/@supabase%2fauth-js set size:undefined disposed:false
71 http fetch GET 200 https://registry.npmjs.org/css-select 150ms (cache miss)
72 silly packumentCache full:https://registry.npmjs.org/css-select set size:undefined disposed:false
73 http fetch GET 200 https://registry.npmjs.org/@supabase%2fstorage-js 178ms (cache miss)
74 silly packumentCache full:https://registry.npmjs.org/@supabase%2fstorage-js set size:undefined disposed:false
75 http fetch GET 200 https://registry.npmjs.org/@supabase%2ffunctions-js 196ms (cache miss)
76 silly packumentCache full:https://registry.npmjs.org/@supabase%2ffunctions-js set size:undefined disposed:false
77 http fetch GET 200 https://registry.npmjs.org/@supabase%2frealtime-js 210ms (cache miss)
78 silly packumentCache full:https://registry.npmjs.org/@supabase%2frealtime-js set size:undefined disposed:false
79 http fetch GET 200 https://registry.npmjs.org/idb 370ms (cache miss)
80 silly packumentCache full:https://registry.npmjs.org/idb set size:undefined disposed:false
81 http fetch GET 200 https://registry.npmjs.org/@supabase%2fpostgrest-js 400ms (cache miss)
82 silly packumentCache full:https://registry.npmjs.org/@supabase%2fpostgrest-js set size:undefined disposed:false
83 silly placeDep ROOT idb@8.0.3 OK for: @react-native-async-storage/async-storage@3.1.1 want: 8.0.3
84 silly placeDep ROOT @supabase/auth-js@2.110.5 OK for: @supabase/supabase-js@2.110.5 want: 2.110.5
85 silly placeDep ROOT @supabase/functions-js@2.110.5 OK for: @supabase/supabase-js@2.110.5 want: 2.110.5
86 silly placeDep ROOT @supabase/postgrest-js@2.110.5 OK for: @supabase/supabase-js@2.110.5 want: 2.110.5
87 silly placeDep ROOT @supabase/realtime-js@2.110.5 OK for: @supabase/supabase-js@2.110.5 want: 2.110.5
88 silly placeDep ROOT @supabase/storage-js@2.110.5 OK for: @supabase/supabase-js@2.110.5 want: 2.110.5
89 silly fetch manifest @supabase/phoenix@0.4.4
90 silly packumentCache full:https://registry.npmjs.org/@supabase%2fphoenix cache-miss
91 silly fetch manifest iceberg-js@^0.8.1
92 silly packumentCache full:https://registry.npmjs.org/iceberg-js cache-miss
93 http fetch GET 200 https://registry.npmjs.org/@supabase%2fphoenix 61ms (cache miss)
94 silly packumentCache full:https://registry.npmjs.org/@supabase%2fphoenix set size:undefined disposed:false
95 http fetch GET 200 https://registry.npmjs.org/iceberg-js 66ms (cache miss)
96 silly packumentCache full:https://registry.npmjs.org/iceberg-js set size:undefined disposed:false
97 silly placeDep ROOT @supabase/phoenix@0.4.4 OK for: @supabase/realtime-js@2.110.5 want: 0.4.4
98 silly placeDep ROOT iceberg-js@0.8.1 OK for: @supabase/storage-js@2.110.5 want: ^0.8.1
99 silly placeDep ROOT css-select@5.2.2 OK for: react-native-svg@15.15.5 want: ^5.1.0
100 silly placeDep ROOT css-tree@1.1.3 OK for: react-native-svg@15.15.5 want: ^1.1.3
101 silly fetch manifest boolbase@^1.0.0
102 silly packumentCache full:https://registry.npmjs.org/boolbase cache-miss
103 silly fetch manifest css-what@^6.1.0
104 silly packumentCache full:https://registry.npmjs.org/css-what cache-miss
105 silly fetch manifest domutils@^3.0.1
106 silly packumentCache full:https://registry.npmjs.org/domutils cache-miss
107 silly fetch manifest nth-check@^2.0.1
108 silly packumentCache full:https://registry.npmjs.org/nth-check cache-miss
109 silly fetch manifest domhandler@^5.0.2
110 silly packumentCache full:https://registry.npmjs.org/domhandler cache-miss
111 silly fetch manifest mdn-data@2.0.14
112 silly packumentCache full:https://registry.npmjs.org/mdn-data cache-miss
113 silly fetch manifest source-map@^0.6.1
114 silly packumentCache full:https://registry.npmjs.org/source-map cache-miss
115 http fetch GET 200 https://registry.npmjs.org/nth-check 93ms (cache miss)
116 silly packumentCache full:https://registry.npmjs.org/nth-check set size:undefined disposed:false
117 http fetch GET 200 https://registry.npmjs.org/boolbase 103ms (cache miss)
118 silly packumentCache full:https://registry.npmjs.org/boolbase set size:undefined disposed:false
119 http fetch GET 200 https://registry.npmjs.org/css-what 105ms (cache miss)
120 silly packumentCache full:https://registry.npmjs.org/css-what set size:undefined disposed:false
121 http fetch GET 200 https://registry.npmjs.org/domhandler 106ms (cache miss)
122 silly packumentCache full:https://registry.npmjs.org/domhandler set size:undefined disposed:false
123 http fetch GET 200 https://registry.npmjs.org/domutils 112ms (cache miss)
124 silly packumentCache full:https://registry.npmjs.org/domutils set size:undefined disposed:false
125 http fetch GET 200 https://registry.npmjs.org/mdn-data 119ms (cache miss)
126 silly packumentCache full:https://registry.npmjs.org/mdn-data set size:undefined disposed:false
127 http fetch GET 200 https://registry.npmjs.org/source-map 127ms (cache miss)
128 silly packumentCache full:https://registry.npmjs.org/source-map set size:undefined disposed:false
129 silly placeDep ROOT boolbase@1.0.0 OK for: css-select@5.2.2 want: ^1.0.0
130 silly placeDep ROOT css-what@6.2.2 OK for: css-select@5.2.2 want: ^6.1.0
131 silly placeDep ROOT domhandler@5.0.3 OK for: css-select@5.2.2 want: ^5.0.2
132 silly placeDep ROOT domutils@3.2.2 OK for: css-select@5.2.2 want: ^3.0.1
133 silly placeDep ROOT nth-check@2.1.1 OK for: css-select@5.2.2 want: ^2.0.1
134 silly fetch manifest domelementtype@^2.3.0
135 silly packumentCache full:https://registry.npmjs.org/domelementtype cache-miss
136 silly fetch manifest dom-serializer@^2.0.0
137 silly packumentCache full:https://registry.npmjs.org/dom-serializer cache-miss
138 silly fetch manifest domelementtype@^2.3.0
139 silly packumentCache full:https://registry.npmjs.org/domelementtype cache-miss
140 http fetch GET 200 https://registry.npmjs.org/dom-serializer 59ms (cache miss)
141 silly packumentCache full:https://registry.npmjs.org/dom-serializer set size:undefined disposed:false
142 http fetch GET 200 https://registry.npmjs.org/domelementtype 65ms (cache miss)
143 silly packumentCache full:https://registry.npmjs.org/domelementtype set size:undefined disposed:false
144 http fetch GET 200 https://registry.npmjs.org/domelementtype 68ms (cache miss)
145 silly packumentCache full:https://registry.npmjs.org/domelementtype set size:undefined disposed:false
146 silly placeDep ROOT mdn-data@2.0.14 OK for: css-tree@1.1.3 want: 2.0.14
147 silly placeDep node_modules/css-tree source-map@0.6.1 OK for: css-tree@1.1.3 want: ^0.6.1
148 silly placeDep ROOT domelementtype@2.3.0 OK for: domhandler@5.0.3 want: ^2.3.0
149 silly placeDep ROOT dom-serializer@2.0.0 OK for: domutils@3.2.2 want: ^2.0.0
150 silly fetch manifest entities@^4.2.0
151 silly packumentCache full:https://registry.npmjs.org/entities cache-miss
152 http fetch GET 200 https://registry.npmjs.org/entities 52ms (cache miss)
153 silly packumentCache full:https://registry.npmjs.org/entities set size:undefined disposed:false
154 silly placeDep ROOT entities@4.5.0 OK for: dom-serializer@2.0.0 want: ^4.2.0
155 silly reify moves {}
156 silly audit bulk request {
156 silly audit   '@adobe/css-tools': [ '4.5.0' ],
156 silly audit   '@babel/code-frame': [ '7.29.7' ],
156 silly audit   '@babel/compat-data': [ '7.29.7' ],
156 silly audit   '@babel/core': [ '7.29.7' ],
156 silly audit   semver: [ '6.3.1', '7.8.5' ],
156 silly audit   '@babel/generator': [ '7.29.7' ],
156 silly audit   '@babel/helper-annotate-as-pure': [ '7.29.7' ],
156 silly audit   '@babel/helper-compilation-targets': [ '7.29.7' ],
156 silly audit   '@babel/helper-create-class-features-plugin': [ '7.29.7' ],
156 silly audit   '@babel/helper-create-regexp-features-plugin': [ '7.29.7' ],
156 silly audit   '@babel/helper-define-polyfill-provider': [ '0.6.8' ],
156 silly audit   '@babel/helper-globals': [ '7.29.7' ],
156 silly audit   '@babel/helper-member-expression-to-functions': [ '7.29.7' ],
156 silly audit   '@babel/helper-module-imports': [ '7.29.7' ],
156 silly audit   '@babel/helper-module-transforms': [ '7.29.7' ],
156 silly audit   '@babel/helper-optimise-call-expression': [ '7.29.7' ],
156 silly audit   '@babel/helper-plugin-utils': [ '7.29.7' ],
156 silly audit   '@babel/helper-remap-async-to-generator': [ '7.29.7' ],
156 silly audit   '@babel/helper-replace-supers': [ '7.29.7' ],
156 silly audit   '@babel/helper-skip-transparent-expression-wrappers': [ '7.29.7' ],
156 silly audit   '@babel/helper-string-parser': [ '7.29.7' ],
156 silly audit   '@babel/helper-validator-identifier': [ '7.29.7' ],
156 silly audit   '@babel/helper-validator-option': [ '7.29.7' ],
156 silly audit   '@babel/helper-wrap-function': [ '7.29.7' ],
156 silly audit   '@babel/helpers': [ '7.29.7' ],
156 silly audit   '@babel/parser': [ '7.29.7' ],
156 silly audit   '@babel/plugin-proposal-decorators': [ '7.29.7' ],
156 silly audit   '@babel/plugin-proposal-export-default-from': [ '7.29.7' ],
156 silly audit   '@babel/plugin-syntax-decorators': [ '7.29.7' ],
156 silly audit   '@babel/plugin-syntax-dynamic-import': [ '7.8.3' ],
156 silly audit   '@babel/plugin-syntax-export-default-from': [ '7.29.7' ],
156 silly audit   '@babel/plugin-syntax-flow': [ '7.29.7' ],
156 silly audit   '@babel/plugin-syntax-jsx': [ '7.29.7' ],
156 silly audit   '@babel/plugin-syntax-nullish-coalescing-operator': [ '7.8.3' ],
156 silly audit   '@babel/plugin-syntax-optional-chaining': [ '7.8.3' ],
156 silly audit   '@babel/plugin-syntax-typescript': [ '7.29.7' ],
156 silly audit   '@babel/plugin-transform-arrow-functions': [ '7.29.7' ],
156 silly audit   '@babel/plugin-transform-async-generator-functions': [ '7.29.7' ],
156 silly audit   '@babel/plugin-transform-async-to-generator': [ '7.29.7' ],
156 silly audit   '@babel/plugin-transform-block-scoping': [ '7.29.7' ],
156 silly audit   '@babel/plugin-transform-class-properties': [ '7.29.7' ],
156 silly audit   '@babel/plugin-transform-class-static-block': [ '7.29.7' ],
156 silly audit   '@babel/plugin-transform-classes': [ '7.29.7' ],
156 silly audit   '@babel/plugin-transform-destructuring': [ '7.29.7' ],
156 silly audit   '@babel/plugin-transform-export-namespace-from': [ '7.29.7' ],
156 silly audit   '@babel/plugin-transform-flow-strip-types': [ '7.29.7' ],
156 silly audit   '@babel/plugin-transform-for-of': [ '7.29.7' ],
156 silly audit   '@babel/plugin-transform-logical-assignment-operators': [ '7.29.7' ],
156 silly audit   '@babel/plugin-transform-modules-commonjs': [ '7.29.7' ],
156 silly audit   '@babel/plugin-transform-named-capturing-groups-regex': [ '7.29.7' ],
156 silly audit   '@babel/plugin-transform-nullish-coalescing-operator': [ '7.29.7' ],
156 silly audit   '@babel/plugin-transform-object-rest-spread': [ '7.29.7' ],
156 silly audit   '@babel/plugin-transform-optional-catch-binding': [ '7.29.7' ],
156 silly audit   '@babel/plugin-transform-optional-chaining': [ '7.29.7' ],
156 silly audit   '@babel/plugin-transform-parameters': [ '7.29.7' ],
156 silly audit   '@babel/plugin-transform-private-methods': [ '7.29.7' ],
156 silly audit   '@babel/plugin-transform-private-property-in-object': [ '7.29.7' ],
156 silly audit   '@babel/plugin-transform-react-display-name': [ '7.29.7' ],
156 silly audit   '@babel/plugin-transform-react-jsx': [ '7.29.7' ],
156 silly audit   '@babel/plugin-transform-react-jsx-development': [ '7.29.7' ],
156 silly audit   '@babel/plugin-transform-react-jsx-self': [ '7.29.7' ],
156 silly audit   '@babel/plugin-transform-react-jsx-source': [ '7.29.7' ],
156 silly audit   '@babel/plugin-transform-react-pure-annotations': [ '7.29.7' ],
156 silly audit   '@babel/plugin-transform-regenerator': [ '7.29.7' ],
156 silly audit   '@babel/plugin-transform-runtime': [ '7.29.7' ],
156 silly audit   '@babel/plugin-transform-shorthand-properties': [ '7.29.7' ],
156 silly audit   '@babel/plugin-transform-template-literals': [ '7.29.7' ],
156 silly audit   '@babel/plugin-transform-typescript': [ '7.29.7' ],
156 silly audit   '@babel/plugin-transform-unicode-regex': [ '7.29.7' ],
156 silly audit   '@babel/preset-typescript': [ '7.29.7' ],
156 silly audit   '@babel/runtime': [ '7.29.7' ],
156 silly audit   '@babel/template': [ '7.29.7' ],
156 silly audit   '@babel/traverse': [ '7.29.7' ],
156 silly audit   '@babel/types': [ '7.29.7' ],
156 silly audit   '@expo-google-fonts/material-symbols': [ '0.4.38' ],
156 silly audit   '@expo/code-signing-certificates': [ '0.0.6' ],
156 silly audit   '@expo/config': [ '57.0.3' ],
156 silly audit   '@expo/config-plugins': [ '57.0.3' ],
156 silly audit   '@expo/config-types': [ '57.0.1' ],
156 silly audit   '@expo/devcert': [ '1.2.1' ],
156 silly audit   debug: [ '3.2.7', '2.6.9', '4.4.3' ],
156 silly audit   '@expo/devtools': [ '57.0.0' ],
156 silly audit   '@expo/dom-webview': [ '57.0.0' ],
156 silly audit   '@expo/env': [ '2.4.1' ],
156 silly audit   '@expo/expo-modules-macros-plugin': [ '0.3.0' ],
156 silly audit   '@expo/fingerprint': [ '0.20.3' ],
156 silly audit   '@expo/image-utils': [ '0.11.1' ],
156 silly audit   '@expo/inline-modules': [ '0.1.2' ],
156 silly audit   '@expo/json-file': [ '11.0.0' ],
156 silly audit   '@expo/local-build-cache-provider': [ '57.0.2' ],
156 silly audit   '@expo/log-box': [ '57.0.0' ],
156 silly audit   '@expo/metro': [ '56.0.0' ],
156 silly audit   '@expo/metro-config': [ '57.0.3' ],
156 silly audit   '@expo/metro-file-map': [ '57.0.0' ],
156 silly audit   '@expo/metro-runtime': [ '57.0.3' ],
156 silly audit   '@expo/osascript': [ '2.7.0' ],
156 silly audit   '@expo/package-manager': [ '1.13.0' ],
156 silly audit   '@expo/plist': [ '0.8.0' ],
156 silly audit   '@expo/prebuild-config': [ '57.0.5' ],
156 silly audit   '@expo/require-utils': [ '57.0.1' ],
156 silly audit   '@expo/schema-utils': [ '57.0.1' ],
156 silly audit   '@expo/sdk-runtime-versions': [ '1.0.0' ],
156 silly audit   '@expo/spawn-async': [ '1.8.0' ],
156 silly audit   '@expo/sudo-prompt': [ '9.3.2' ],
156 silly audit   '@expo/ui': [ '57.0.4' ],
156 silly audit   '@expo/xcpretty': [ '4.4.4' ],
156 silly audit   '@isaacs/ttlcache': [ '1.4.1' ],
156 silly audit   '@jest/schemas': [ '29.6.3' ],
156 silly audit   '@jest/types': [ '29.6.3' ],
156 silly audit   '@jridgewell/gen-mapping': [ '0.3.13' ],
156 silly audit   '@jridgewell/remapping': [ '2.3.5' ],
156 silly audit   '@jridgewell/resolve-uri': [ '3.1.2' ],
156 silly audit   '@jridgewell/source-map': [ '0.3.11' ],
156 silly audit   '@jridgewell/sourcemap-codec': [ '1.5.5' ],
156 silly audit   '@jridgewell/trace-mapping': [ '0.3.31' ],
156 silly audit   '@radix-ui/primitive': [ '1.1.5' ],
156 silly audit   '@radix-ui/react-collection': [ '1.1.12' ],
156 silly audit   '@radix-ui/react-compose-refs': [ '1.1.3' ],
156 silly audit   '@radix-ui/react-context': [ '1.2.0' ],
156 silly audit   '@radix-ui/react-dialog': [ '1.1.19' ],
156 silly audit   '@radix-ui/react-direction': [ '1.1.2' ],
156 silly audit   '@radix-ui/react-dismissable-layer': [ '1.1.15' ],
156 silly audit   '@radix-ui/react-focus-guards': [ '1.1.4' ],
156 silly audit   '@radix-ui/react-focus-scope': [ '1.1.12' ],
156 silly audit   '@radix-ui/react-id': [ '1.1.2' ],
156 silly audit   '@radix-ui/react-portal': [ '1.1.13' ],
156 silly audit   '@radix-ui/react-presence': [ '1.1.7' ],
156 silly audit   '@radix-ui/react-primitive': [ '2.1.7' ],
156 silly audit   '@radix-ui/react-roving-focus': [ '1.1.15' ],
156 silly audit   '@radix-ui/react-slot': [ '1.3.0' ],
156 silly audit   '@radix-ui/react-tabs': [ '1.1.17' ],
156 silly audit   '@radix-ui/react-use-callback-ref': [ '1.1.2' ],
156 silly audit   '@radix-ui/react-use-controllable-state': [ '1.2.3' ],
156 silly audit   '@radix-ui/react-use-effect-event': [ '0.0.3' ],
156 silly audit   '@radix-ui/react-use-is-hydrated': [ '0.1.1' ],
156 silly audit   '@radix-ui/react-use-layout-effect': [ '1.1.2' ],
156 silly audit   '@react-native-masked-view/masked-view': [ '0.3.2' ],
156 silly audit   '@react-native/assets-registry': [ '0.86.0' ],
156 silly audit   '@react-native/babel-plugin-codegen': [ '0.86.0' ],
156 silly audit   '@react-native/babel-preset': [ '0.86.0' ],
156 silly audit   '@react-native/codegen': [ '0.86.0' ],
156 silly audit   '@react-native/community-cli-plugin': [ '0.86.0' ],
156 silly audit   '@react-native/debugger-frontend': [ '0.86.0' ],
156 silly audit   '@react-native/debugger-shell': [ '0.86.0' ],
156 silly audit   '@react-native/dev-middleware': [ '0.86.0' ],
156 silly audit   '@react-native/gradle-plugin': [ '0.86.0' ],
156 silly audit   '@react-native/js-polyfills': [ '0.86.0' ],
156 silly audit   '@react-native/metro-babel-transformer': [ '0.86.0' ],
156 silly audit   '@react-native/metro-config': [ '0.86.0' ],
156 silly audit   '@react-native/normalize-colors': [ '0.86.0', '0.74.89' ],
156 silly audit   '@react-native/virtualized-lists': [ '0.86.0' ],
156 silly audit   '@sinclair/typebox': [ '0.27.10' ],
156 silly audit   '@testing-library/dom': [ '10.4.1' ],
156 silly audit   'ansi-styles': [ '5.2.0', '4.3.0', '3.2.1' ],
156 silly audit   'pretty-format': [ '27.5.1', '29.7.0' ],
156 silly audit   'react-is': [ '17.0.2', '18.3.1', '19.2.7' ],
156 silly audit   '@testing-library/jest-dom': [ '6.9.1' ],
156 silly audit   'dom-accessibility-api': [ '0.6.3', '0.5.16' ],
156 silly audit   '@testing-library/user-event': [ '14.6.1' ],
156 silly audit   '@types/aria-query': [ '5.0.4' ],
156 silly audit   '@types/istanbul-lib-coverage': [ '2.0.6' ],
156 silly audit   '@types/istanbul-lib-report': [ '3.0.3' ],
156 silly audit   '@types/istanbul-reports': [ '3.0.4' ],
156 silly audit   '@types/node': [ '26.1.1' ],
156 silly audit   '@types/react': [ '19.2.17' ],
156 silly audit   '@types/react-test-renderer': [ '19.1.0' ],
156 silly audit   '@types/yargs': [ '17.0.35' ],
156 silly audit   '@types/yargs-parser': [ '21.0.3' ],
156 silly audit   '@ungap/structured-clone': [ '1.3.3' ],
156 silly audit   '@xmldom/xmldom': [ '0.8.13', '0.9.10' ],
156 silly audit   'abort-controller': [ '3.0.0' ],
156 silly audit   accepts: [ '2.0.0', '1.3.8' ],
156 silly audit   acorn: [ '8.17.0' ],
156 silly audit   'agent-base': [ '7.1.4' ],
156 silly audit   'agent-cli-detector': [ '0.1.2' ],
156 silly audit   anser: [ '1.4.10' ],
156 silly audit   'ansi-escapes': [ '4.3.2' ],
156 silly audit   'type-fest': [ '0.21.3', '0.7.1' ],
156 silly audit   'ansi-regex': [ '5.0.1', '4.1.1' ],
156 silly audit   arg: [ '5.0.2' ],
156 silly audit   argparse: [ '2.0.1' ],
156 silly audit   'aria-hidden': [ '1.2.6' ],
156 silly audit   'aria-query': [ '5.3.0' ],
156 silly audit   asap: [ '2.0.6' ],
156 silly audit   'babel-plugin-polyfill-corejs2': [ '0.4.17' ],
156 silly audit   'babel-plugin-polyfill-corejs3': [ '0.13.0' ],
156 silly audit   'babel-plugin-polyfill-regenerator': [ '0.6.8' ],
156 silly audit   'babel-plugin-react-compiler': [ '1.0.0' ],
156 silly audit   'babel-plugin-react-native-web': [ '0.21.2' ],
156 silly audit   'babel-plugin-syntax-hermes-parser': [ '0.36.0' ],
156 silly audit   'babel-plugin-transform-flow-enums': [ '0.0.2' ],
156 silly audit   'babel-preset-expo': [ '57.0.2' ],
156 silly audit   'balanced-match': [ '4.0.4' ],
156 silly audit   'base64-js': [ '1.5.1' ],
156 silly audit   'baseline-browser-mapping': [ '2.10.43' ],
156 silly audit   'big-integer': [ '1.6.52' ],
156 silly audit   'bplist-creator': [ '0.1.0' ],
156 silly audit   'bplist-parser': [ '0.3.1' ],
156 silly audit   'brace-expansion': [ '5.0.7' ],
156 silly audit   braces: [ '3.0.3' ],
156 silly audit   browserslist: [ '4.28.6' ],
156 silly audit   bser: [ '2.1.1' ],
156 silly audit   'buffer-from': [ '1.1.2' ],
156 silly audit   bytes: [ '3.1.2' ],
156 silly audit   camelcase: [ '6.3.0' ],
156 silly audit   'caniuse-lite': [ '1.0.30001805' ],
156 silly audit   chalk: [ '4.1.2', '2.4.2' ],
156 silly audit   'chrome-launcher': [ '0.15.2' ],
156 silly audit   'chromium-edge-launcher': [ '0.3.0' ],
156 silly audit   'ci-info': [ '2.0.0', '3.9.0' ],
156 silly audit   'cli-cursor': [ '2.1.0' ],
156 silly audit   'cli-spinners': [ '2.9.2' ],
156 silly audit   'client-only': [ '0.0.1' ],
156 silly audit   cliui: [ '8.0.1' ],
156 silly audit   clone: [ '1.0.4' ],
156 silly audit   color: [ '4.2.3' ],
156 silly audit   'color-convert': [ '2.0.1', '1.9.3' ],
156 silly audit   'color-name': [ '1.1.4', '1.1.3' ],
156 silly audit   'color-string': [ '1.9.1' ],
156 silly audit   commander: [ '7.2.0', '12.1.0', '2.20.3' ],
156 silly audit   compressible: [ '2.0.18' ],
156 silly audit   compression: [ '1.8.1' ],
156 silly audit   ms: [ '2.0.0', '2.1.3' ],
156 silly audit   negotiator: [ '0.6.4', '0.6.3', '1.0.0' ],
156 silly audit   connect: [ '3.7.0' ],
156 silly audit   'convert-source-map': [ '2.0.0' ],
156 silly audit   'core-js-compat': [ '3.49.0' ],
156 silly audit   'cross-fetch': [ '3.2.0' ],
156 silly audit   'cross-spawn': [ '7.0.6' ],
156 silly audit   'css-in-js-utils': [ '3.1.0' ],
156 silly audit   'css.escape': [ '1.5.1' ],
156 silly audit   csstype: [ '3.2.3' ],
156 silly audit   'decode-uri-component': [ '0.2.2' ],
156 silly audit   deepmerge: [ '4.3.1' ],
156 silly audit   defaults: [ '1.0.4' ],
156 silly audit   depd: [ '2.0.0' ],
156 silly audit   dequal: [ '2.0.3' ],
156 silly audit   destroy: [ '1.2.0' ],
156 silly audit   'detect-libc': [ '2.1.2' ],
156 silly audit   'detect-node-es': [ '1.1.0' ],
156 silly audit   'dnssd-advertise': [ '1.1.6' ],
156 silly audit   'ee-first': [ '1.1.1' ],
156 silly audit   'electron-to-chromium': [ '1.5.389' ],
156 silly audit   'emoji-regex': [ '8.0.0' ],
156 silly audit   encodeurl: [ '1.0.2', '2.0.0' ],
156 silly audit   'error-stack-parser': [ '2.1.4' ],
156 silly audit   'es-errors': [ '1.3.0' ],
156 silly audit   escalade: [ '3.2.0' ],
156 silly audit   'escape-html': [ '1.0.3' ],
156 silly audit   'escape-string-regexp': [ '4.0.0', '1.0.5' ],
156 silly audit   etag: [ '1.8.1' ],
156 silly audit   'event-target-shim': [ '5.0.1' ],
156 silly audit   expo: [ '57.0.4' ],
156 silly audit   'expo-asset': [ '57.0.3' ],
156 silly audit   'expo-constants': [ '57.0.3' ],
156 silly audit   'expo-file-system': [ '57.0.0' ],
156 silly audit   'expo-font': [ '57.0.0' ],
156 silly audit   'expo-glass-effect': [ '57.0.0' ],
156 silly audit   'expo-keep-awake': [ '57.0.0' ],
156 silly audit   'expo-linking': [ '57.0.2' ],
156 silly audit   'expo-modules-autolinking': [ '57.0.5' ],
156 silly audit   'expo-modules-core': [ '57.0.3' ],
156 silly audit   'expo-modules-jsi': [ '57.0.1' ],
156 silly audit   'expo-router': [ '57.0.4' ],
156 silly audit   'expo-server': [ '57.0.0' ],
156 silly audit   'expo-splash-screen': [ '57.0.2' ],
156 silly audit   'expo-status-bar': [ '57.0.0' ],
156 silly audit   'expo-symbols': [ '57.0.0' ],
156 silly audit   'expo-web-browser': [ '57.0.0' ],
156 silly audit   '@expo/cli': [ '57.0.6' ],
156 silly audit   '@expo/router-server': [ '57.0.2' ],
156 silly audit   '@expo/ws-tunnel': [ '2.0.0' ],
156 silly audit   'mime-db': [ '1.52.0', '1.54.0' ],
156 silly audit   'mime-types': [ '2.1.35', '3.0.2' ],
156 silly audit   ws: [ '8.21.0', '7.5.11' ],
156 silly audit   'exponential-backoff': [ '3.1.3' ],
156 silly audit   'fast-deep-equal': [ '3.1.3' ],
156 silly audit   'fb-dotslash': [ '0.5.8' ],
156 silly audit   'fb-watchman': [ '2.0.2' ],
156 silly audit   fbjs: [ '3.0.5' ],
156 silly audit   'fbjs-css-vars': [ '1.0.2' ],
156 silly audit   promise: [ '7.3.1', '8.3.0' ],
156 silly audit   fdir: [ '6.5.0' ],
156 silly audit   'fetch-nodeshim': [ '0.4.10' ],
156 silly audit   'fill-range': [ '7.1.1' ],
156 silly audit   'filter-obj': [ '1.1.0' ],
156 silly audit   finalhandler: [ '1.1.2' ],
156 silly audit   'flow-enums-runtime': [ '0.0.6' ],
156 silly audit   fontfaceobserver: [ '2.3.0' ],
156 silly audit   fresh: [ '0.5.2' ],
156 silly audit   'function-bind': [ '1.1.2' ],
156 silly audit   gensync: [ '1.0.0-beta.2' ],
156 silly audit   'get-caller-file': [ '2.0.5' ],
156 silly audit   'get-nonce': [ '1.0.1' ],
156 silly audit   getenv: [ '2.0.0' ],
156 silly audit   glob: [ '13.0.6' ],
156 silly audit   'graceful-fs': [ '4.2.11' ],
156 silly audit   'has-flag': [ '4.0.0', '3.0.0' ],
156 silly audit   hasown: [ '2.0.4' ],
156 silly audit   'hermes-compiler': [ '250829098.0.14' ],
156 silly audit   'hermes-estree': [ '0.36.0', '0.35.0' ],
156 silly audit   'hermes-parser': [ '0.36.0', '0.35.0' ],
156 silly audit   'hosted-git-info': [ '7.0.2' ],
156 silly audit   'lru-cache': [ '10.4.3', '5.1.1', '11.5.2' ],
156 silly audit   'http-errors': [ '2.0.1' ],
156 silly audit   statuses: [ '2.0.2', '1.5.0' ],
156 silly audit   'https-proxy-agent': [ '7.0.6' ],
156 silly audit   'hyphenate-style-name': [ '1.1.0' ],
156 silly audit   ignore: [ '5.3.2' ],
156 silly audit   'image-size': [ '1.2.1' ],
156 silly audit   'indent-string': [ '4.0.0' ],
156 silly audit   inherits: [ '2.0.4' ],
156 silly audit   'inline-style-prefixer': [ '7.0.1' ],
156 silly audit   invariant: [ '2.2.4' ],
156 silly audit   'is-arrayish': [ '0.3.4' ],
156 silly audit   'is-core-module': [ '2.16.2' ],
156 silly audit   'is-docker': [ '2.2.1' ],
156 silly audit   'is-fullwidth-code-point': [ '3.0.0' ],
156 silly audit   'is-number': [ '7.0.0' ],
156 silly audit   'is-wsl': [ '2.2.0' ],
156 silly audit   isexe: [ '2.0.0' ],
156 silly audit   'jest-get-type': [ '29.6.3' ],
156 silly audit   'jest-util': [ '29.7.0' ],
156 silly audit   picomatch: [ '2.3.2', '4.0.5' ],
156 silly audit   'jest-validate': [ '29.7.0' ],
156 silly audit   'jest-worker': [ '29.7.0' ],
156 silly audit   'supports-color': [ '8.1.1', '5.5.0', '7.2.0' ],
156 silly audit   'jimp-compact': [ '0.16.1' ],
156 silly audit   'js-tokens': [ '4.0.0' ],
156 silly audit   'js-yaml': [ '4.3.0' ],
156 silly audit   'jsc-safe-url': [ '0.2.4' ],
156 silly audit   jsesc: [ '3.1.0' ],
156 silly audit   json5: [ '2.2.3' ],
156 silly audit   kleur: [ '3.0.3' ],
156 silly audit   'lan-network': [ '0.2.1' ],
156 silly audit   leven: [ '3.1.0' ],
156 silly audit   'lighthouse-logger': [ '1.4.2' ],
156 silly audit   lightningcss: [ '1.32.0' ],
156 silly audit   'lightningcss-android-arm64': [ '1.32.0' ],
156 silly audit   'lightningcss-darwin-arm64': [ '1.32.0' ],
156 silly audit   'lightningcss-darwin-x64': [ '1.32.0' ],
156 silly audit   'lightningcss-freebsd-x64': [ '1.32.0' ],
156 silly audit   'lightningcss-linux-arm-gnueabihf': [ '1.32.0' ],
156 silly audit   'lightningcss-linux-arm64-gnu': [ '1.32.0' ],
156 silly audit   'lightningcss-linux-arm64-musl': [ '1.32.0' ],
156 silly audit   'lightningcss-linux-x64-gnu': [ '1.32.0' ],
156 silly audit   'lightningcss-linux-x64-musl': [ '1.32.0' ],
156 silly audit   'lightningcss-win32-arm64-msvc': [ '1.32.0' ],
156 silly audit   'lightningcss-win32-x64-msvc': [ '1.32.0' ],
156 silly audit   'lodash.debounce': [ '4.0.8' ],
156 silly audit   'lodash.throttle': [ '4.1.1' ],
156 silly audit   'log-symbols': [ '2.2.0' ],
156 silly audit   'loose-envify': [ '1.4.0' ],
156 silly audit   'lz-string': [ '1.5.0' ],
156 silly audit   makeerror: [ '1.0.12' ],
156 silly audit   marky: [ '1.3.0' ],
156 silly audit   'memoize-one': [ '5.2.1', '6.0.0' ],
156 silly audit   'merge-stream': [ '2.0.0' ],
156 silly audit   metro: [ '0.84.4' ],
156 silly audit   'metro-babel-transformer': [ '0.84.4' ],
156 silly audit   'metro-cache': [ '0.84.4' ],
156 silly audit   'metro-cache-key': [ '0.84.4' ],
156 silly audit   'metro-config': [ '0.84.4' ],
156 silly audit   'metro-core': [ '0.84.4' ],
156 silly audit   'metro-file-map': [ '0.84.4' ],
156 silly audit   'metro-minify-terser': [ '0.84.4' ],
156 silly audit   'metro-resolver': [ '0.84.4' ],
156 silly audit   'metro-runtime': [ '0.84.4' ],
156 silly audit   'metro-source-map': [ '0.84.4' ],
156 silly audit   'metro-symbolicate': [ '0.84.4' ],
156 silly audit   'metro-transform-plugins': [ '0.84.4' ],
156 silly audit   'metro-transform-worker': [ '0.84.4' ],
156 silly audit   micromatch: [ '4.0.8' ],
156 silly audit   mime: [ '1.6.0' ],
156 silly audit   'mimic-fn': [ '1.2.0' ],
156 silly audit   'min-indent': [ '1.0.1' ],
156 silly audit   minimatch: [ '10.2.5' ],
156 silly audit   minipass: [ '7.1.3' ],
156 silly audit   mkdirp: [ '1.0.4' ],
156 silly audit   multitars: [ '1.0.0' ],
156 silly audit   nanoid: [ '3.3.16' ],
156 silly audit   'node-fetch': [ '2.7.0' ],
156 silly audit   'node-forge': [ '1.4.0' ],
156 silly audit   'node-int64': [ '0.4.0' ],
156 silly audit   'node-releases': [ '2.0.51' ],
156 silly audit   'npm-package-arg': [ '11.0.3' ],
156 silly audit   nullthrows: [ '1.1.1' ],
156 silly audit   ob1: [ '0.84.4' ],
156 silly audit   'object-assign': [ '4.1.1' ],
156 silly audit   'on-finished': [ '2.3.0', '2.4.1' ],
156 silly audit   'on-headers': [ '1.1.0' ],
156 silly audit   onetime: [ '2.0.1' ],
156 silly audit   open: [ '7.4.2' ],
156 silly audit   ora: [ '3.4.0' ],
156 silly audit   'strip-ansi': [ '5.2.0', '6.0.1' ],
156 silly audit   'parse-png': [ '2.1.0' ],
156 silly audit   parseurl: [ '1.3.3' ],
156 silly audit   'path-key': [ '3.1.1' ],
156 silly audit   'path-parse': [ '1.0.7' ],
156 silly audit   'path-scurry': [ '2.0.2' ],
156 silly audit   picocolors: [ '1.1.1' ],
156 silly audit   plist: [ '3.1.1' ],
156 silly audit   pngjs: [ '3.4.0' ],
156 silly audit   postcss: [ '8.5.19' ],
156 silly audit   'postcss-value-parser': [ '4.2.0' ],
156 silly audit   'proc-log': [ '4.2.0' ],
156 silly audit   progress: [ '2.0.3' ],
156 silly audit   prompts: [ '2.4.2' ],
156 silly audit   'query-string': [ '7.1.3' ],
156 silly audit   queue: [ '6.0.2' ],
156 silly audit   'range-parser': [ '1.2.1' ],
156 silly audit   react: [ '19.2.3' ],
156 silly audit   'react-devtools-core': [ '6.1.5' ],
156 silly audit   'react-dom': [ '19.2.3' ],
156 silly audit   'react-fast-compare': [ '3.2.2' ],
156 silly audit   'react-freeze': [ '1.0.4' ],
156 silly audit   'react-native': [ '0.86.0' ],
156 silly audit   'react-native-drawer-layout': [ '4.2.7' ],
156 silly audit   'react-native-gesture-handler': [ '3.0.2' ],
156 silly audit   'react-native-is-edge-to-edge': [ '1.3.1' ],
156 silly audit   'react-native-reanimated': [ '4.5.0' ],
156 silly audit   'react-native-safe-area-context': [ '5.7.0' ],
156 silly audit   'react-native-screens': [ '4.25.2' ],
156 silly audit   'react-native-web': [ '0.21.2' ],
156 silly audit   'react-native-worklets': [ '0.10.0' ],
156 silly audit   'react-refresh': [ '0.14.2' ],
156 silly audit   'react-remove-scroll': [ '2.7.2' ],
156 silly audit   'react-remove-scroll-bar': [ '2.3.8' ],
156 silly audit   'react-style-singleton': [ '2.2.3' ],
156 silly audit   redent: [ '3.0.0' ],
156 silly audit   regenerate: [ '1.4.2' ],
156 silly audit   'regenerate-unicode-properties': [ '10.2.2' ],
156 silly audit   'regenerator-runtime': [ '0.13.11' ],
156 silly audit   'regexpu-core': [ '6.4.0' ],
156 silly audit   regjsgen: [ '0.8.0' ],
156 silly audit   regjsparser: [ '0.13.2' ],
156 silly audit   'require-directory': [ '2.1.1' ],
156 silly audit   resolve: [ '1.22.12' ],
156 silly audit   'resolve-from': [ '5.0.0' ],
156 silly audit   'resolve-workspace-root': [ '2.0.1' ],
156 silly audit   'restore-cursor': [ '2.0.0' ],
156 silly audit   'safe-buffer': [ '5.2.1' ],
156 silly audit   sax: [ '1.6.0' ],
156 silly audit   scheduler: [ '0.27.0' ],
156 silly audit   send: [ '0.19.2' ],
156 silly audit   'serialize-error': [ '2.1.0' ],
156 silly audit   'serve-static': [ '1.16.3' ],
156 silly audit   'server-only': [ '0.0.1' ],
156 silly audit   setimmediate: [ '1.0.5' ],
156 silly audit   setprototypeof: [ '1.2.0' ],
156 silly audit   'sf-symbols-typescript': [ '2.2.0' ],
156 silly audit   shallowequal: [ '1.1.0' ],
156 silly audit   'shebang-command': [ '2.0.0' ],
156 silly audit   'shebang-regex': [ '3.0.0' ],
156 silly audit   'shell-quote': [ '1.10.0' ],
156 silly audit   'signal-exit': [ '3.0.7' ],
156 silly audit   'simple-plist': [ '1.3.1' ],
156 silly audit   'simple-swizzle': [ '0.2.4' ],
156 silly audit   sisteransi: [ '1.0.5' ],
156 silly audit   slugify: [ '1.6.9' ],
156 silly audit   'source-map': [ '0.5.7', '0.6.1' ],
156 silly audit   'source-map-js': [ '1.2.1' ],
156 silly audit   'source-map-support': [ '0.5.21' ],
156 silly audit   'split-on-first': [ '1.1.0' ],
156 silly audit   stackframe: [ '1.3.4' ],
156 silly audit   'stacktrace-parser': [ '0.1.11' ],
156 silly audit   'standard-navigation': [ '0.0.5' ],
156 silly audit   'stream-buffers': [ '2.2.0' ],
156 silly audit   'strict-uri-encode': [ '2.0.0' ],
156 silly audit   'string-width': [ '4.2.3' ],
156 silly audit   'strip-indent': [ '3.0.0' ],
156 silly audit   'structured-headers': [ '0.4.1' ],
156 silly audit   styleq: [ '0.1.3' ],
156 silly audit   'supports-hyperlinks': [ '2.3.0' ],
156 silly audit   'supports-preserve-symlinks-flag': [ '1.0.0' ],
156 silly audit   'terminal-link': [ '2.1.1' ],
156 silly audit   terser: [ '5.49.0' ],
156 silly audit   throat: [ '5.0.0' ],
156 silly audit   tinyglobby: [ '0.2.17' ],
156 silly audit   tmpl: [ '1.0.5' ],
156 silly audit   'to-regex-range': [ '5.0.1' ],
156 silly audit   toidentifier: [ '1.0.1' ],
156 silly audit   toqr: [ '0.1.1' ],
156 silly audit   tr46: [ '0.0.3' ],
156 silly audit   tslib: [ '2.8.1' ],
156 silly audit   typescript: [ '6.0.3' ],
156 silly audit   'ua-parser-js': [ '1.0.41' ],
156 silly audit   'undici-types': [ '8.3.0' ],
156 silly audit   'unicode-canonical-property-names-ecmascript': [ '2.0.1' ],
156 silly audit   'unicode-match-property-ecmascript': [ '2.0.0' ],
156 silly audit   'unicode-match-property-value-ecmascript': [ '2.2.1' ],
156 silly audit   'unicode-property-aliases-ecmascript': [ '2.2.0' ],
156 silly audit   unpipe: [ '1.0.0' ],
156 silly audit   'update-browserslist-db': [ '1.2.3' ],
156 silly audit   'use-callback-ref': [ '1.3.3' ],
156 silly audit   'use-latest-callback': [ '0.2.6' ],
156 silly audit   'use-sidecar': [ '1.1.3' ],
156 silly audit   'utils-merge': [ '1.0.1' ],
156 silly audit   uuid: [ '7.0.3' ],
156 silly audit   'validate-npm-package-name': [ '5.0.1' ],
156 silly audit   vary: [ '1.1.2' ],
156 silly audit   vaul: [ '1.1.2' ],
156 silly audit   vlq: [ '1.0.1' ],
156 silly audit   walker: [ '1.0.8' ],
156 silly audit   'warn-once': [ '0.1.1' ],
156 silly audit   wcwidth: [ '1.0.1' ],
156 silly audit   'webidl-conversions': [ '3.0.1' ],
156 silly audit   'whatwg-fetch': [ '3.6.20' ],
156 silly audit   'whatwg-url': [ '5.0.0' ],
156 silly audit   'whatwg-url-minimum': [ '0.1.2' ],
156 silly audit   which: [ '2.0.2' ],
156 silly audit   'wrap-ansi': [ '7.0.0' ],
156 silly audit   xcode: [ '3.0.1' ],
156 silly audit   xml2js: [ '0.6.0' ],
156 silly audit   xmlbuilder: [ '11.0.1', '15.1.1' ],
156 silly audit   y18n: [ '5.0.8' ],
156 silly audit   yallist: [ '3.1.1' ],
156 silly audit   yaml: [ '2.9.0' ],
156 silly audit   yargs: [ '17.7.3' ],
156 silly audit   'yargs-parser': [ '21.1.1' ],
156 silly audit   zod: [ '3.25.76' ],
156 silly audit   '@react-native-async-storage/async-storage': [ '3.1.1' ],
156 silly audit   '@supabase/supabase-js': [ '2.110.5' ],
156 silly audit   'lucide-react-native': [ '1.24.0' ],
156 silly audit   'react-native-svg': [ '15.15.5' ],
156 silly audit   idb: [ '8.0.3' ],
156 silly audit   '@supabase/auth-js': [ '2.110.5' ],
156 silly audit   '@supabase/functions-js': [ '2.110.5' ],
156 silly audit   '@supabase/postgrest-js': [ '2.110.5' ],
156 silly audit   '@supabase/realtime-js': [ '2.110.5' ],
156 silly audit   '@supabase/storage-js': [ '2.110.5' ],
156 silly audit   '@supabase/phoenix': [ '0.4.4' ],
156 silly audit   'iceberg-js': [ '0.8.1' ],
156 silly audit   'css-select': [ '5.2.2' ],
156 silly audit   'css-tree': [ '1.1.3' ],
156 silly audit   boolbase: [ '1.0.0' ],
156 silly audit   'css-what': [ '6.2.2' ],
156 silly audit   domhandler: [ '5.0.3' ],
156 silly audit   domutils: [ '3.2.2' ],
156 silly audit   'nth-check': [ '2.1.1' ],
156 silly audit   'mdn-data': [ '2.0.14' ],
156 silly audit   domelementtype: [ '2.3.0' ],
156 silly audit   'dom-serializer': [ '2.0.0' ],
156 silly audit   entities: [ '4.5.0' ]
156 silly audit }
157 http cache entities@https://registry.npmjs.org/entities/-/entities-4.5.0.tgz 1ms (cache hit)
158 http cache domelementtype@https://registry.npmjs.org/domelementtype/-/domelementtype-2.3.0.tgz 0ms (cache hit)
159 http cache dom-serializer@https://registry.npmjs.org/dom-serializer/-/dom-serializer-2.0.0.tgz 0ms (cache hit)
160 http cache mdn-data@https://registry.npmjs.org/mdn-data/-/mdn-data-2.0.14.tgz 1ms (cache hit)
161 http cache nth-check@https://registry.npmjs.org/nth-check/-/nth-check-2.1.1.tgz 0ms (cache hit)
162 http cache domutils@https://registry.npmjs.org/domutils/-/domutils-3.2.2.tgz 0ms (cache hit)
163 http cache @supabase/phoenix@https://registry.npmjs.org/@supabase/phoenix/-/phoenix-0.4.4.tgz 0ms (cache hit)
164 http cache domhandler@https://registry.npmjs.org/domhandler/-/domhandler-5.0.3.tgz 0ms (cache hit)
165 http cache css-what@https://registry.npmjs.org/css-what/-/css-what-6.2.2.tgz 0ms (cache hit)
166 http cache boolbase@https://registry.npmjs.org/boolbase/-/boolbase-1.0.0.tgz 0ms (cache hit)
167 http cache iceberg-js@https://registry.npmjs.org/iceberg-js/-/iceberg-js-0.8.1.tgz 0ms (cache hit)
168 http cache @supabase/storage-js@https://registry.npmjs.org/@supabase/storage-js/-/storage-js-2.110.5.tgz 0ms (cache hit)
169 http cache css-tree@https://registry.npmjs.org/css-tree/-/css-tree-1.1.3.tgz 0ms (cache hit)
170 http cache css-select@https://registry.npmjs.org/css-select/-/css-select-5.2.2.tgz 0ms (cache hit)
171 http cache @react-native-async-storage/async-storage@https://registry.npmjs.org/@react-native-async-storage/async-storage/-/async-storage-3.1.1.tgz 0ms (cache hit)
172 http cache @supabase/realtime-js@https://registry.npmjs.org/@supabase/realtime-js/-/realtime-js-2.110.5.tgz 0ms (cache hit)
173 http cache @supabase/auth-js@https://registry.npmjs.org/@supabase/auth-js/-/auth-js-2.110.5.tgz 0ms (cache hit)
174 http cache @supabase/postgrest-js@https://registry.npmjs.org/@supabase/postgrest-js/-/postgrest-js-2.110.5.tgz 0ms (cache hit)
175 http cache @supabase/functions-js@https://registry.npmjs.org/@supabase/functions-js/-/functions-js-2.110.5.tgz 0ms (cache hit)
176 http cache idb@https://registry.npmjs.org/idb/-/idb-8.0.3.tgz 0ms (cache hit)
177 http cache @supabase/supabase-js@https://registry.npmjs.org/@supabase/supabase-js/-/supabase-js-2.110.5.tgz 0ms (cache hit)
178 http cache source-map@https://registry.npmjs.org/source-map/-/source-map-0.6.1.tgz 0ms (cache hit)
179 http cache lucide-react-native@https://registry.npmjs.org/lucide-react-native/-/lucide-react-native-1.24.0.tgz 0ms (cache hit)
180 silly tarball no local data for entities@https://registry.npmjs.org/entities/-/entities-4.5.0.tgz. Extracting by manifest.
181 http cache react-native-svg@https://registry.npmjs.org/react-native-svg/-/react-native-svg-15.15.5.tgz 0ms (cache hit)
182 silly tarball no local data for domelementtype@https://registry.npmjs.org/domelementtype/-/domelementtype-2.3.0.tgz. Extracting by manifest.
183 silly tarball no local data for dom-serializer@https://registry.npmjs.org/dom-serializer/-/dom-serializer-2.0.0.tgz. Extracting by manifest.
184 silly tarball no local data for mdn-data@https://registry.npmjs.org/mdn-data/-/mdn-data-2.0.14.tgz. Extracting by manifest.
185 silly tarball no local data for nth-check@https://registry.npmjs.org/nth-check/-/nth-check-2.1.1.tgz. Extracting by manifest.
186 silly tarball no local data for domutils@https://registry.npmjs.org/domutils/-/domutils-3.2.2.tgz. Extracting by manifest.
187 silly tarball no local data for @supabase/phoenix@https://registry.npmjs.org/@supabase/phoenix/-/phoenix-0.4.4.tgz. Extracting by manifest.
188 silly tarball no local data for domhandler@https://registry.npmjs.org/domhandler/-/domhandler-5.0.3.tgz. Extracting by manifest.
189 silly tarball no local data for css-what@https://registry.npmjs.org/css-what/-/css-what-6.2.2.tgz. Extracting by manifest.
190 silly tarball no local data for boolbase@https://registry.npmjs.org/boolbase/-/boolbase-1.0.0.tgz. Extracting by manifest.
191 silly tarball no local data for iceberg-js@https://registry.npmjs.org/iceberg-js/-/iceberg-js-0.8.1.tgz. Extracting by manifest.
192 silly tarball no local data for @supabase/storage-js@https://registry.npmjs.org/@supabase/storage-js/-/storage-js-2.110.5.tgz. Extracting by manifest.
193 silly tarball no local data for css-tree@https://registry.npmjs.org/css-tree/-/css-tree-1.1.3.tgz. Extracting by manifest.
194 silly tarball no local data for css-select@https://registry.npmjs.org/css-select/-/css-select-5.2.2.tgz. Extracting by manifest.
195 silly tarball no local data for @react-native-async-storage/async-storage@https://registry.npmjs.org/@react-native-async-storage/async-storage/-/async-storage-3.1.1.tgz. Extracting by manifest.
196 silly tarball no local data for @supabase/realtime-js@https://registry.npmjs.org/@supabase/realtime-js/-/realtime-js-2.110.5.tgz. Extracting by manifest.
197 silly tarball no local data for @supabase/auth-js@https://registry.npmjs.org/@supabase/auth-js/-/auth-js-2.110.5.tgz. Extracting by manifest.
198 silly tarball no local data for @supabase/postgrest-js@https://registry.npmjs.org/@supabase/postgrest-js/-/postgrest-js-2.110.5.tgz. Extracting by manifest.
199 silly tarball no local data for @supabase/functions-js@https://registry.npmjs.org/@supabase/functions-js/-/functions-js-2.110.5.tgz. Extracting by manifest.
200 silly tarball no local data for idb@https://registry.npmjs.org/idb/-/idb-8.0.3.tgz. Extracting by manifest.
201 silly tarball no local data for @supabase/supabase-js@https://registry.npmjs.org/@supabase/supabase-js/-/supabase-js-2.110.5.tgz. Extracting by manifest.
202 silly tarball no local data for source-map@https://registry.npmjs.org/source-map/-/source-map-0.6.1.tgz. Extracting by manifest.
203 silly tarball no local data for lucide-react-native@https://registry.npmjs.org/lucide-react-native/-/lucide-react-native-1.24.0.tgz. Extracting by manifest.
204 silly tarball no local data for react-native-svg@https://registry.npmjs.org/react-native-svg/-/react-native-svg-15.15.5.tgz. Extracting by manifest.
205 http fetch GET 200 https://registry.npmjs.org/domelementtype/-/domelementtype-2.3.0.tgz 382ms (cache miss)
206 http fetch GET 200 https://registry.npmjs.org/nth-check/-/nth-check-2.1.1.tgz 385ms (cache miss)
207 http fetch GET 200 https://registry.npmjs.org/boolbase/-/boolbase-1.0.0.tgz 395ms (cache miss)
208 http fetch POST 200 https://registry.npmjs.org/-/npm/v1/security/advisories/bulk 506ms
209 silly audit report {
209 silly audit report   uuid: [
209 silly audit report     {
209 silly audit report       id: 1119441,
209 silly audit report       url: 'https://github.com/advisories/GHSA-w5hq-g745-h8pq',
209 silly audit report       title: 'uuid: Missing buffer bounds check in v3/v5/v6 when buf is provided',
209 silly audit report       severity: 'moderate',
209 silly audit report       vulnerable_versions: '<11.1.1',
209 silly audit report       cwe: [Array],
209 silly audit report       cvss: [Object]
209 silly audit report     }
209 silly audit report   ]
209 silly audit report }
210 silly packumentCache corgi:https://registry.npmjs.org/uuid cache-miss
211 http fetch GET 200 https://registry.npmjs.org/idb/-/idb-8.0.3.tgz 521ms (cache miss)
212 http fetch GET 200 https://registry.npmjs.org/iceberg-js/-/iceberg-js-0.8.1.tgz 559ms (cache miss)
213 http fetch GET 200 https://registry.npmjs.org/dom-serializer/-/dom-serializer-2.0.0.tgz 583ms (cache miss)
214 http fetch GET 200 https://registry.npmjs.org/domhandler/-/domhandler-5.0.3.tgz 598ms (cache miss)
215 http fetch GET 200 https://registry.npmjs.org/mdn-data/-/mdn-data-2.0.14.tgz 711ms (cache miss)
216 http fetch GET 200 https://registry.npmjs.org/uuid 254ms (cache miss)
217 silly packumentCache corgi:https://registry.npmjs.org/uuid set size:undefined disposed:false
218 http fetch GET 200 https://registry.npmjs.org/source-map/-/source-map-0.6.1.tgz 733ms (cache miss)
219 silly packumentCache corgi:https://registry.npmjs.org/xcode cache-miss
220 http fetch GET 200 https://registry.npmjs.org/css-what/-/css-what-6.2.2.tgz 779ms (cache miss)
221 http fetch GET 200 https://registry.npmjs.org/@supabase/supabase-js/-/supabase-js-2.110.5.tgz 875ms (cache miss)
222 http fetch GET 200 https://registry.npmjs.org/@supabase/postgrest-js/-/postgrest-js-2.110.5.tgz 914ms (cache miss)
223 http fetch GET 200 https://registry.npmjs.org/@supabase/storage-js/-/storage-js-2.110.5.tgz 991ms (cache miss)
224 http fetch GET 200 https://registry.npmjs.org/xcode 314ms (cache miss)
225 silly packumentCache corgi:https://registry.npmjs.org/xcode set size:undefined disposed:false
226 http fetch GET 200 https://registry.npmjs.org/@supabase/functions-js/-/functions-js-2.110.5.tgz 1150ms (cache miss)
227 silly packumentCache corgi:https://registry.npmjs.org/@expo%2fconfig-plugins cache-miss
228 http fetch GET 200 https://registry.npmjs.org/domutils/-/domutils-3.2.2.tgz 1203ms (cache miss)
229 http fetch GET 200 https://registry.npmjs.org/@supabase/phoenix/-/phoenix-0.4.4.tgz 1202ms (cache miss)
230 http fetch GET 200 https://registry.npmjs.org/entities/-/entities-4.5.0.tgz 1260ms (cache miss)
231 http fetch GET 200 https://registry.npmjs.org/@expo%2fconfig-plugins 150ms (cache miss)
232 silly packumentCache corgi:https://registry.npmjs.org/@expo%2fconfig-plugins set size:undefined disposed:false
233 silly packumentCache corgi:https://registry.npmjs.org/@expo%2fconfig cache-miss
234 silly packumentCache corgi:https://registry.npmjs.org/@expo%2finline-modules cache-miss
235 silly packumentCache corgi:https://registry.npmjs.org/@expo%2fprebuild-config cache-miss
236 silly packumentCache corgi:https://registry.npmjs.org/expo cache-miss
237 silly packumentCache corgi:https://registry.npmjs.org/expo-splash-screen cache-miss
238 silly packumentCache corgi:https://registry.npmjs.org/@expo%2fcli cache-miss
239 http fetch GET 200 https://registry.npmjs.org/expo-splash-screen 116ms (cache miss)
240 silly packumentCache corgi:https://registry.npmjs.org/expo-splash-screen set size:undefined disposed:false
241 http fetch GET 200 https://registry.npmjs.org/css-select/-/css-select-5.2.2.tgz 1544ms (cache miss)
242 http fetch GET 200 https://registry.npmjs.org/expo 235ms (cache miss)
243 silly packumentCache corgi:https://registry.npmjs.org/expo set size:undefined disposed:false
244 http fetch GET 200 https://registry.npmjs.org/@expo%2finline-modules 329ms (cache miss)
245 silly packumentCache corgi:https://registry.npmjs.org/@expo%2finline-modules set size:undefined disposed:false
246 http fetch GET 200 https://registry.npmjs.org/@expo%2fconfig 337ms (cache miss)
247 silly packumentCache corgi:https://registry.npmjs.org/@expo%2fconfig set size:undefined disposed:false
248 http fetch GET 200 https://registry.npmjs.org/@expo%2fprebuild-config 481ms (cache miss)
249 silly packumentCache corgi:https://registry.npmjs.org/@expo%2fprebuild-config set size:undefined disposed:false
250 http fetch GET 200 https://registry.npmjs.org/css-tree/-/css-tree-1.1.3.tgz 1897ms (cache miss)
251 http fetch GET 200 https://registry.npmjs.org/@expo%2fcli 538ms (cache miss)
252 silly packumentCache corgi:https://registry.npmjs.org/@expo%2fcli set size:undefined disposed:false
253 silly packumentCache corgi:https://registry.npmjs.org/@expo%2fdom-webview cache-miss
254 silly packumentCache corgi:https://registry.npmjs.org/@expo%2flog-box cache-miss
255 silly packumentCache corgi:https://registry.npmjs.org/@expo%2fmetro-config cache-miss
256 silly packumentCache corgi:https://registry.npmjs.org/@expo%2fmetro-runtime cache-miss
257 silly packumentCache corgi:https://registry.npmjs.org/@expo%2fui cache-miss
258 silly packumentCache corgi:https://registry.npmjs.org/babel-preset-expo cache-miss
259 silly packumentCache corgi:https://registry.npmjs.org/expo-asset cache-miss
260 silly packumentCache corgi:https://registry.npmjs.org/expo-constants cache-miss
261 silly packumentCache corgi:https://registry.npmjs.org/expo-file-system cache-miss
262 silly packumentCache corgi:https://registry.npmjs.org/expo-font cache-miss
263 silly packumentCache corgi:https://registry.npmjs.org/expo-glass-effect cache-miss
264 silly packumentCache corgi:https://registry.npmjs.org/expo-keep-awake cache-miss
265 silly packumentCache corgi:https://registry.npmjs.org/expo-router cache-miss
266 silly packumentCache corgi:https://registry.npmjs.org/expo-status-bar cache-miss
267 silly packumentCache corgi:https://registry.npmjs.org/expo-symbols cache-miss
268 silly packumentCache corgi:https://registry.npmjs.org/expo-web-browser cache-miss
269 silly packumentCache corgi:https://registry.npmjs.org/@expo%2frouter-server cache-miss
270 http fetch GET 200 https://registry.npmjs.org/@expo%2fdom-webview 529ms (cache miss)
271 silly packumentCache corgi:https://registry.npmjs.org/@expo%2fdom-webview set size:undefined disposed:false
272 http fetch GET 200 https://registry.npmjs.org/expo-glass-effect 557ms (cache miss)
273 silly packumentCache corgi:https://registry.npmjs.org/expo-glass-effect set size:undefined disposed:false
274 http fetch GET 200 https://registry.npmjs.org/@expo%2fui 569ms (cache miss)
275 silly packumentCache corgi:https://registry.npmjs.org/@expo%2fui set size:undefined disposed:false
276 http fetch GET 200 https://registry.npmjs.org/@expo%2fmetro-runtime 606ms (cache miss)
277 silly packumentCache corgi:https://registry.npmjs.org/@expo%2fmetro-runtime set size:undefined disposed:false
278 http fetch GET 200 https://registry.npmjs.org/@expo%2flog-box 628ms (cache miss)
279 silly packumentCache corgi:https://registry.npmjs.org/@expo%2flog-box set size:undefined disposed:false
280 http fetch GET 200 https://registry.npmjs.org/expo-keep-awake 634ms (cache miss)
281 silly packumentCache corgi:https://registry.npmjs.org/expo-keep-awake set size:undefined disposed:false
282 http fetch GET 200 https://registry.npmjs.org/expo-asset 672ms (cache miss)
283 silly packumentCache corgi:https://registry.npmjs.org/expo-asset set size:undefined disposed:false
284 http fetch GET 200 https://registry.npmjs.org/expo-font 726ms (cache miss)
285 silly packumentCache corgi:https://registry.npmjs.org/expo-font set size:undefined disposed:false
286 http fetch GET 200 https://registry.npmjs.org/expo-status-bar 769ms (cache miss)
287 silly packumentCache corgi:https://registry.npmjs.org/expo-status-bar set size:undefined disposed:false
288 http fetch GET 200 https://registry.npmjs.org/@expo%2frouter-server 808ms (cache miss)
289 silly packumentCache corgi:https://registry.npmjs.org/@expo%2frouter-server set size:undefined disposed:false
290 http fetch GET 200 https://registry.npmjs.org/expo-constants 829ms (cache miss)
291 silly packumentCache corgi:https://registry.npmjs.org/expo-constants set size:undefined disposed:false
292 http fetch GET 200 https://registry.npmjs.org/expo-symbols 862ms (cache miss)
293 silly packumentCache corgi:https://registry.npmjs.org/expo-symbols set size:undefined disposed:false
294 http fetch GET 200 https://registry.npmjs.org/expo-file-system 879ms (cache miss)
295 silly packumentCache corgi:https://registry.npmjs.org/expo-file-system set size:undefined disposed:false
296 http fetch GET 200 https://registry.npmjs.org/expo-web-browser 919ms (cache miss)
297 silly packumentCache corgi:https://registry.npmjs.org/expo-web-browser set size:undefined disposed:false
298 http fetch GET 200 https://registry.npmjs.org/babel-preset-expo 970ms (cache miss)
299 silly packumentCache corgi:https://registry.npmjs.org/babel-preset-expo set size:undefined disposed:false
300 http fetch GET 200 https://registry.npmjs.org/@supabase/realtime-js/-/realtime-js-2.110.5.tgz 3011ms (cache miss)
301 http fetch GET 200 https://registry.npmjs.org/@expo%2fmetro-config 998ms (cache miss)
302 silly packumentCache corgi:https://registry.npmjs.org/@expo%2fmetro-config set size:undefined disposed:false
303 http fetch GET 200 https://registry.npmjs.org/expo-router 1030ms (cache miss)
304 silly packumentCache corgi:https://registry.npmjs.org/expo-router set size:undefined disposed:false
305 silly packumentCache corgi:https://registry.npmjs.org/@expo%2flocal-build-cache-provider cache-miss
306 http fetch GET 200 https://registry.npmjs.org/@expo%2flocal-build-cache-provider 412ms (cache miss)
307 silly packumentCache corgi:https://registry.npmjs.org/@expo%2flocal-build-cache-provider set size:undefined disposed:false
308 http fetch GET 200 https://registry.npmjs.org/@supabase/auth-js/-/auth-js-2.110.5.tgz 4018ms (cache miss)
309 http fetch GET 200 https://registry.npmjs.org/@react-native-async-storage/async-storage/-/async-storage-3.1.1.tgz 16944ms (cache miss)
310 http fetch GET 200 https://registry.npmjs.org/react-native-svg/-/react-native-svg-15.15.5.tgz 21393ms (cache miss)
311 http fetch GET 200 https://registry.npmjs.org/lucide-react-native/-/lucide-react-native-1.24.0.tgz 83782ms (cache miss)
312 silly ADD node_modules/entities
313 silly ADD node_modules/dom-serializer
314 silly ADD node_modules/domelementtype
315 silly ADD node_modules/mdn-data
316 silly ADD node_modules/nth-check
317 silly ADD node_modules/domutils
318 silly ADD node_modules/domhandler
319 silly ADD node_modules/css-what
320 silly ADD node_modules/boolbase
321 silly ADD node_modules/css-tree
322 silly ADD node_modules/css-tree/node_modules/source-map
323 silly ADD node_modules/css-select
324 silly ADD node_modules/iceberg-js
325 silly ADD node_modules/@supabase/phoenix
326 silly ADD node_modules/@supabase/storage-js
327 silly ADD node_modules/@supabase/realtime-js
328 silly ADD node_modules/@supabase/postgrest-js
329 silly ADD node_modules/@supabase/functions-js
330 silly ADD node_modules/@supabase/auth-js
331 silly ADD node_modules/idb
332 silly ADD node_modules/react-native-svg
333 silly ADD node_modules/lucide-react-native
334 silly ADD node_modules/@supabase/supabase-js
335 silly ADD node_modules/@react-native-async-storage/async-storage
336 verbose cwd D:\deployment_2026\bible_diaries\mobile
337 verbose os Windows_NT 10.0.26200
338 verbose node v24.14.1
339 verbose npm  v11.11.0
340 notice
340 notice New minor version of npm available! 11.11.0 -> 11.18.0
340 notice Changelog: https://github.com/npm/cli/releases/tag/v11.18.0
340 notice To update run: npm install -g npm@11.18.0
340 notice  { force: true, Symbol(proc-log.meta): true }
341 verbose exit 0
342 info ok
